\BOOKMARK [0][-]{Doc-Start}{\376\377\000L\000i\000s\000t\000\040\000o\000f\000\040\000F\000i\000g\000u\000r\000e\000s}{}% 1
\BOOKMARK [0][-]{Doc-Start}{\376\377\000L\000i\000s\000t\000\040\000o\000f\000\040\000T\000a\000b\000l\000e\000s}{}% 2
\BOOKMARK [0][-]{chapter.1}{\376\377\000I\000n\000t\000r\000o\000d\000u\000c\000t\000i\000o\000n}{}% 3
\BOOKMARK [1][-]{section.1.1}{\376\377\000P\000r\000o\000p\000o\000s\000e\000d\000\040\000P\000r\000o\000j\000e\000c\000t}{chapter.1}% 4
\BOOKMARK [2][-]{subsection.1.1.1}{\376\377\000G\000e\000n\000e\000r\000a\000l\000\040\000B\000a\000c\000k\000g\000r\000o\000u\000n\000d}{section.1.1}% 5
\BOOKMARK [2][-]{subsection.1.1.2}{\376\377\000M\000o\000t\000i\000v\000a\000t\000i\000o\000n}{section.1.1}% 6
\BOOKMARK [2][-]{subsection.1.1.3}{\376\377\000O\000b\000j\000e\000c\000t\000i\000v\000e\000\040\000o\000f\000\040\000t\000h\000e\000\040\000P\000r\000o\000j\000e\000c\000t}{section.1.1}% 7
\BOOKMARK [2][-]{subsection.1.1.4}{\376\377\000S\000c\000o\000p\000e\000\040\000o\000f\000\040\000t\000h\000e\000\040\000P\000r\000o\000j\000e\000c\000t}{section.1.1}% 8
\BOOKMARK [0][-]{chapter.2}{\376\377\000P\000r\000o\000b\000l\000e\000m\000\040\000S\000t\000a\000t\000e\000m\000e\000n\000t\000\040\000a\000n\000d\000\040\000S\000o\000l\000u\000t\000i\000o\000n}{}% 9
\BOOKMARK [1][-]{section.2.1}{\376\377\000P\000r\000o\000b\000l\000e\000m\000\040\000S\000t\000a\000t\000e\000m\000e\000n\000t}{chapter.2}% 10
\BOOKMARK [2][-]{subsection.2.1.1}{\376\377\000P\000r\000o\000b\000l\000e\000m\000\040\000S\000t\000a\000t\000e\000m\000e\000n\000t}{section.2.1}% 11
\BOOKMARK [2][-]{subsection.2.1.2}{\376\377\000P\000r\000o\000p\000o\000s\000e\000d\000\040\000S\000o\000l\000u\000t\000i\000o\000n}{section.2.1}% 12
\BOOKMARK [2][-]{subsection.2.1.3}{\376\377\000I\000n\000n\000o\000v\000a\000t\000i\000o\000n}{section.2.1}% 13
\BOOKMARK [2][-]{subsection.2.1.4}{\376\377\000C\000o\000m\000p\000a\000r\000i\000s\000o\000n\000\040\000w\000i\000t\000h\000\040\000E\000x\000i\000s\000t\000i\000n\000g\000\040\000A\000p\000p\000r\000o\000a\000c\000h\000e\000s}{section.2.1}% 14
\BOOKMARK [0][-]{chapter.3}{\376\377\000L\000i\000t\000e\000r\000a\000t\000u\000r\000e\000\040\000S\000u\000r\000v\000e\000y\000\040\000R\000e\000p\000o\000r\000t}{}% 15
\BOOKMARK [1][-]{section*.3}{\376\377\000L\000i\000t\000e\000r\000a\000t\000u\000r\000e\000\040\000S\000u\000r\000v\000e\000y\000\040\000T\000a\000b\000l\000e}{chapter.3}% 16
\BOOKMARK [1][-]{section.3.1}{\376\377\000O\000v\000e\000r\000v\000i\000e\000w}{chapter.3}% 17
\BOOKMARK [1][-]{section.3.2}{\376\377\000L\000i\000t\000e\000r\000a\000t\000u\000r\000e\000\040\000S\000u\000r\000v\000e\000y}{chapter.3}% 18
\BOOKMARK [2][-]{subsection.3.2.1}{\376\377\000P\000a\000p\000e\000r\000\040\0001\000:\000\040\000S\000y\000m\000b\000o\000l\000i\000c\000\040\000K\000n\000o\000w\000l\000e\000d\000g\000e\000\040\000D\000i\000s\000t\000i\000l\000l\000a\000t\000i\000o\000n\000\040\000f\000o\000r\000\040\000L\000L\000M\000s\000\040\040\023\000\040\000A\000c\000h\000a\000r\000y\000a\000\040\000e\000t\000\040\000a\000l\000.\000\040\000\050\000I\000E\000E\000E\000\040\000T\000r\000a\000n\000s\000.\000\040\000o\000n\000\040\000A\000I\000,\000\040\0002\0000\0002\0004\000\051}{section.3.2}% 19
\BOOKMARK [2][-]{subsection.3.2.2}{\376\377\000P\000a\000p\000e\000r\000\040\0002\000:\000\040\000X\000A\000I\000-\000D\000r\000i\000v\000e\000n\000\040\000K\000n\000o\000w\000l\000e\000d\000g\000e\000\040\000D\000i\000s\000t\000i\000l\000l\000a\000t\000i\000o\000n\000\040\040\023\000\040\000C\000a\000n\000t\000i\000n\000i\000\040\000e\000t\000\040\000a\000l\000.\000\040\000\050\000J\000o\000u\000r\000n\000a\000l\000\040\000o\000f\000\040\000B\000i\000g\000\040\000D\000a\000t\000a\000,\000\040\0002\0000\0002\0004\000\051}{section.3.2}% 20
\BOOKMARK [2][-]{subsection.3.2.3}{\376\377\000P\000a\000p\000e\000r\000\040\0003\000:\000\040\000Q\000u\000a\000n\000t\000i\000z\000a\000t\000i\000o\000n\000\040\000R\000o\000b\000u\000s\000t\000\040\000P\000r\000u\000n\000i\000n\000g\000\040\040\023\000\040\000J\000.\000\040\000K\000i\000m\000\040\000\050\000I\000E\000E\000E\000\040\000A\000c\000c\000e\000s\000s\000,\000\040\0002\0000\0002\0003\000\051}{section.3.2}% 21
\BOOKMARK [2][-]{subsection.3.2.4}{\376\377\000P\000a\000p\000e\000r\000\040\0004\000:\000\040\000A\000\040\000C\000o\000m\000p\000r\000e\000h\000e\000n\000s\000i\000v\000e\000\040\000S\000t\000u\000d\000y\000\040\000o\000f\000\040\000Q\000u\000a\000n\000t\000i\000z\000a\000t\000i\000o\000n\000\040\000T\000e\000c\000h\000n\000i\000q\000u\000e\000s\000\040\040\023\000\040\000L\000a\000n\000g\000\040\000e\000t\000\040\000a\000l\000.\000\040\000\050\000A\000C\000M\000\040\000C\000o\000m\000p\000u\000t\000i\000n\000g\000\040\000S\000u\000r\000v\000e\000y\000s\000,\000\040\0002\0000\0002\0003\000\051}{section.3.2}% 22
\BOOKMARK [2][-]{subsection.3.2.5}{\376\377\000P\000a\000p\000e\000r\000\040\0005\000:\000\040\000E\000d\000g\000e\000M\000o\000E\000:\000\040\000F\000a\000s\000t\000\040\000O\000n\000-\000D\000e\000v\000i\000c\000e\000\040\000I\000n\000f\000e\000r\000e\000n\000c\000e\000\040\040\023\000\040\000R\000.\000\040\000Y\000i\000\040\000e\000t\000\040\000a\000l\000.\000\040\000\050\000I\000E\000E\000E\000\040\000T\000r\000a\000n\000s\000.\000\040\000o\000n\000\040\000M\000o\000b\000i\000l\000e\000\040\000C\000o\000m\000p\000u\000t\000i\000n\000g\000,\000\040\0002\0000\0002\0005\000\051}{section.3.2}% 23
\BOOKMARK [2][-]{subsection.3.2.6}{\376\377\000P\000a\000p\000e\000r\000\040\0006\000:\000\040\000M\000u\000l\000t\000i\000-\000T\000o\000k\000e\000n\000\040\000P\000r\000e\000d\000i\000c\000t\000i\000o\000n\000\040\000f\000o\000r\000\040\000E\000f\000f\000i\000c\000i\000e\000n\000t\000\040\000I\000n\000f\000e\000r\000e\000n\000c\000e\000\040\040\023\000\040\000M\000.\000\040\000S\000a\000m\000r\000a\000g\000h\000\040\000e\000t\000\040\000a\000l\000.\000\040\000\050\000a\000r\000X\000i\000v\000,\000\040\0002\0000\0002\0005\000\051}{section.3.2}% 24
\BOOKMARK [2][-]{subsection.3.2.7}{\376\377\000P\000a\000p\000e\000r\000\040\0007\000:\000\040\000S\000p\000a\000r\000s\000i\000t\000y\000\040\000i\000n\000\040\000D\000e\000e\000p\000\040\000L\000e\000a\000r\000n\000i\000n\000g\000\040\040\023\000\040\000T\000.\000\040\000H\000o\000e\000f\000l\000e\000r\000\040\000e\000t\000\040\000a\000l\000.\000\040\000\050\000J\000M\000L\000R\000,\000\040\0002\0000\0002\0001\000\051}{section.3.2}% 25
\BOOKMARK [2][-]{subsection.3.2.8}{\376\377\000P\000a\000p\000e\000r\000\040\0008\000:\000\040\000E\000f\000f\000i\000c\000i\000e\000n\000t\000\040\000H\000y\000b\000r\000i\000d\000\040\000C\000o\000m\000p\000r\000e\000s\000s\000i\000o\000n\000\040\040\023\000\040\000M\000a\000l\000i\000h\000i\000\040\000e\000t\000\040\000a\000l\000.\000\040\000\050\000N\000e\000u\000r\000o\000c\000o\000m\000p\000u\000t\000i\000n\000g\000,\000\040\0002\0000\0002\0003\000\051}{section.3.2}% 26
\BOOKMARK [2][-]{subsection.3.2.9}{\376\377\000P\000a\000p\000e\000r\000\040\0009\000:\000\040\000C\000o\000n\000s\000u\000m\000e\000r\000\040\000P\000r\000e\000f\000e\000r\000e\000n\000c\000e\000s\000\040\000o\000f\000\040\000E\000V\000\040\000C\000h\000a\000r\000g\000i\000n\000g\000\040\040\023\000\040\000H\000a\000r\000d\000m\000a\000n\000\040\000e\000t\000\040\000a\000l\000.\000\040\000\050\000T\000r\000a\000n\000s\000p\000o\000r\000t\000a\000t\000i\000o\000n\000\040\000R\000e\000s\000e\000a\000r\000c\000h\000\040\000P\000a\000r\000t\000\040\000D\000,\000\040\0002\0000\0001\0008\000\051}{section.3.2}% 27
\BOOKMARK [2][-]{subsection.3.2.10}{\376\377\000P\000a\000p\000e\000r\000\040\0001\0000\000:\000\040\000E\000d\000g\000e\000\040\000C\000o\000m\000p\000u\000t\000i\000n\000g\000:\000\040\000V\000i\000s\000i\000o\000n\000\040\000a\000n\000d\000\040\000C\000h\000a\000l\000l\000e\000n\000g\000e\000s\000\040\040\023\000\040\000S\000h\000i\000\040\000e\000t\000\040\000a\000l\000.\000\040\000\050\000I\000E\000E\000E\000\040\000I\000o\000T\000\040\000J\000o\000u\000r\000n\000a\000l\000,\000\040\0002\0000\0001\0006\000\051}{section.3.2}% 28
\BOOKMARK [2][-]{subsection.3.2.11}{\376\377\000P\000a\000p\000e\000r\000\040\0001\0001\000:\000\040\000S\000m\000a\000r\000t\000\040\000E\000V\000\040\000C\000h\000a\000r\000g\000i\000n\000g\000\040\000w\000i\000t\000h\000\040\000O\000C\000P\000P\000\040\040\023\000\040\000L\000e\000e\000\040\000e\000t\000\040\000a\000l\000.\000\040\000\050\000I\000E\000E\000E\000\040\000T\000r\000a\000n\000s\000.\000\040\000o\000n\000\040\000I\000n\000d\000u\000s\000t\000r\000i\000a\000l\000\040\000I\000n\000f\000o\000r\000m\000a\000t\000i\000c\000s\000,\000\040\0002\0000\0002\0001\000\051}{section.3.2}% 29
\BOOKMARK [2][-]{subsection.3.2.12}{\376\377\000P\000a\000p\000e\000r\000\040\0001\0002\000:\000\040\000D\000e\000e\000p\000\040\000L\000e\000a\000r\000n\000i\000n\000g\000\040\000A\000L\000P\000R\000\040\040\023\000\040\000L\000a\000r\000o\000c\000a\000\040\000e\000t\000\040\000a\000l\000.\000\040\000\050\000I\000E\000E\000E\000\040\000T\000r\000a\000n\000s\000.\000\040\000o\000n\000\040\000I\000T\000S\000,\000\040\0002\0000\0002\0001\000\051}{section.3.2}% 30
\BOOKMARK [2][-]{subsection.3.2.13}{\376\377\000P\000a\000p\000e\000r\000\040\0001\0003\000:\000\040\000I\000o\000T\000-\000B\000a\000s\000e\000d\000\040\000S\000m\000a\000r\000t\000\040\000E\000V\000\040\000C\000h\000a\000r\000g\000i\000n\000g\000\040\000w\000i\000t\000h\000\040\000E\000d\000g\000e\000\040\000I\000n\000t\000e\000l\000l\000i\000g\000e\000n\000c\000e\000\040\040\023\000\040\000Z\000h\000a\000n\000g\000\040\000e\000t\000\040\000a\000l\000.\000\040\000\050\000I\000E\000E\000E\000\040\000A\000c\000c\000e\000s\000s\000,\000\040\0002\0000\0002\0002\000\051}{section.3.2}% 31
\BOOKMARK [2][-]{subsection.3.2.14}{\376\377\000P\000a\000p\000e\000r\000\040\0001\0004\000:\000\040\000Q\000u\000a\000n\000t\000i\000z\000i\000n\000g\000\040\000D\000e\000e\000p\000\040\000C\000N\000N\000s\000\040\000f\000o\000r\000\040\000E\000f\000f\000i\000c\000i\000e\000n\000t\000\040\000I\000n\000f\000e\000r\000e\000n\000c\000e\000\040\040\023\000\040\000K\000r\000i\000s\000h\000n\000a\000m\000o\000o\000r\000t\000h\000i\000\040\000\050\000a\000r\000X\000i\000v\000,\000\040\0002\0000\0001\0008\000\051}{section.3.2}% 32
\BOOKMARK [2][-]{subsection.3.2.15}{\376\377\000P\000a\000p\000e\000r\000\040\0001\0005\000:\000\040\000Y\000O\000L\000O\000-\000B\000a\000s\000e\000d\000\040\000L\000P\000R\000\040\000f\000o\000r\000\040\000S\000m\000a\000r\000t\000\040\000P\000a\000r\000k\000i\000n\000g\000\040\040\023\000\040\000H\000e\000n\000d\000r\000y\000\040\000a\000n\000d\000\040\000C\000h\000e\000n\000\040\000\050\000I\000m\000a\000g\000e\000\040\000a\000n\000d\000\040\000V\000i\000s\000i\000o\000n\000\040\000C\000o\000m\000p\000u\000t\000i\000n\000g\000,\000\040\0002\0000\0001\0009\000\051}{section.3.2}% 33
\BOOKMARK [1][-]{section.3.3}{\376\377\000L\000i\000t\000e\000r\000a\000t\000u\000r\000e\000\040\000S\000u\000r\000v\000e\000y\000\040\000C\000o\000m\000p\000a\000r\000i\000s\000o\000n\000\040\000T\000a\000b\000l\000e}{chapter.3}% 34
\BOOKMARK [0][-]{chapter.4}{\376\377\000T\000h\000e\000o\000r\000e\000t\000i\000c\000a\000l\000\040\000B\000a\000c\000k\000g\000r\000o\000u\000n\000d}{}% 35
\BOOKMARK [1][-]{section.4.1}{\376\377\000O\000b\000j\000e\000c\000t\000\040\000D\000e\000t\000e\000c\000t\000i\000o\000n\000\040\000a\000n\000d\000\040\000Y\000O\000L\000O\000\040\000A\000r\000c\000h\000i\000t\000e\000c\000t\000u\000r\000e}{chapter.4}% 36
\BOOKMARK [2][-]{subsection.4.1.1}{\376\377\000E\000v\000o\000l\000u\000t\000i\000o\000n\000\040\000o\000f\000\040\000O\000b\000j\000e\000c\000t\000\040\000D\000e\000t\000e\000c\000t\000i\000o\000n}{section.4.1}% 37
\BOOKMARK [2][-]{subsection.4.1.2}{\376\377\000T\000h\000e\000\040\000Y\000O\000L\000O\000\040\000P\000a\000r\000a\000d\000i\000g\000m}{section.4.1}% 38
\BOOKMARK [2][-]{subsection.4.1.3}{\376\377\000M\000a\000t\000h\000e\000m\000a\000t\000i\000c\000a\000l\000\040\000F\000o\000r\000m\000u\000l\000a\000t\000i\000o\000n\000\040\000o\000f\000\040\000Y\000O\000L\000O\000\040\000D\000e\000t\000e\000c\000t\000i\000o\000n}{section.4.1}% 39
\BOOKMARK [2][-]{subsection.4.1.4}{\376\377\000L\000o\000s\000s\000\040\000F\000u\000n\000c\000t\000i\000o\000n}{section.4.1}% 40
\BOOKMARK [1][-]{section.4.2}{\376\377\000D\000e\000e\000p\000\040\000L\000e\000a\000r\000n\000i\000n\000g\000\040\000Q\000u\000a\000n\000t\000i\000z\000a\000t\000i\000o\000n\000\040\000M\000a\000t\000h\000e\000m\000a\000t\000i\000c\000s}{chapter.4}% 41
\BOOKMARK [2][-]{subsection.4.2.1}{\376\377\000M\000o\000t\000i\000v\000a\000t\000i\000o\000n\000\040\000f\000o\000r\000\040\000Q\000u\000a\000n\000t\000i\000z\000a\000t\000i\000o\000n}{section.4.2}% 42
\BOOKMARK [2][-]{subsection.4.2.2}{\376\377\000A\000f\000f\000i\000n\000e\000\040\000Q\000u\000a\000n\000t\000i\000z\000a\000t\000i\000o\000n\000\040\000F\000r\000a\000m\000e\000w\000o\000r\000k}{section.4.2}% 43
\BOOKMARK [2][-]{subsection.4.2.3}{\376\377\000D\000e\000t\000e\000r\000m\000i\000n\000i\000n\000g\000\040\000S\000c\000a\000l\000e\000\040\000a\000n\000d\000\040\000Z\000e\000r\000o\000-\000P\000o\000i\000n\000t}{section.4.2}% 44
\BOOKMARK [2][-]{subsection.4.2.4}{\376\377\000Q\000u\000a\000n\000t\000i\000z\000e\000d\000\040\000M\000a\000t\000r\000i\000x\000\040\000M\000u\000l\000t\000i\000p\000l\000i\000c\000a\000t\000i\000o\000n}{section.4.2}% 45
\BOOKMARK [1][-]{section.4.3}{\376\377\000E\000d\000g\000e\000\040\000C\000o\000m\000p\000u\000t\000i\000n\000g\000\040\000a\000n\000d\000\040\000A\000R\000M\000\040\000A\000r\000c\000h\000i\000t\000e\000c\000t\000u\000r\000e}{chapter.4}% 46
\BOOKMARK [2][-]{subsection.4.3.1}{\376\377\000T\000h\000e\000\040\000S\000h\000i\000f\000t\000\040\000t\000o\000\040\000E\000d\000g\000e\000\040\000A\000I}{section.4.3}% 47
\BOOKMARK [2][-]{subsection.4.3.2}{\376\377\000R\000a\000s\000p\000b\000e\000r\000r\000y\000\040\000P\000i\000\040\0004\000B\000\040\000a\000n\000d\000\040\000B\000r\000o\000a\000d\000c\000o\000m\000\040\000B\000C\000M\0002\0007\0001\0001}{section.4.3}% 48
\BOOKMARK [2][-]{subsection.4.3.3}{\376\377\000A\000R\000M\000\040\000N\000E\000O\000N\000\040\000S\000I\000M\000D\000\040\000A\000r\000c\000h\000i\000t\000e\000c\000t\000u\000r\000e}{section.4.3}% 49
\BOOKMARK [0][-]{chapter.5}{\376\377\000S\000o\000f\000t\000w\000a\000r\000e\000\040\000R\000e\000q\000u\000i\000r\000e\000m\000e\000n\000t\000s\000\040\000S\000p\000e\000c\000i\000f\000i\000c\000a\000t\000i\000o\000n}{}% 50
\BOOKMARK [1][-]{section.5.1}{\376\377\000I\000n\000t\000r\000o\000d\000u\000c\000t\000i\000o\000n}{chapter.5}% 51
\BOOKMARK [2][-]{subsection.5.1.1}{\376\377\000P\000u\000r\000p\000o\000s\000e}{section.5.1}% 52
\BOOKMARK [2][-]{subsection.5.1.2}{\376\377\000D\000o\000c\000u\000m\000e\000n\000t\000\040\000C\000o\000n\000v\000e\000n\000t\000i\000o\000n}{section.5.1}% 53
\BOOKMARK [2][-]{subsection.5.1.3}{\376\377\000I\000n\000t\000e\000n\000d\000e\000d\000\040\000A\000u\000d\000i\000e\000n\000c\000e\000\040\000a\000n\000d\000\040\000R\000e\000a\000d\000i\000n\000g\000\040\000S\000u\000g\000g\000e\000s\000t\000i\000o\000n\000s}{section.5.1}% 54
\BOOKMARK [2][-]{subsection.5.1.4}{\376\377\000P\000r\000o\000j\000e\000c\000t\000\040\000S\000c\000o\000p\000e}{section.5.1}% 55
\BOOKMARK [2][-]{subsection.5.1.5}{\376\377\000O\000v\000e\000r\000v\000i\000e\000w\000\040\000o\000f\000\040\000D\000e\000v\000e\000l\000o\000p\000e\000r\000'\000s\000\040\000R\000e\000s\000p\000o\000n\000s\000i\000b\000i\000l\000i\000t\000i\000e\000s}{section.5.1}% 56
\BOOKMARK [1][-]{section.5.2}{\376\377\000O\000v\000e\000r\000a\000l\000l\000\040\000D\000e\000s\000c\000r\000i\000p\000t\000i\000o\000n}{chapter.5}% 57
\BOOKMARK [2][-]{subsection.5.2.1}{\376\377\000P\000r\000o\000d\000u\000c\000t\000\040\000P\000e\000r\000s\000p\000e\000c\000t\000i\000v\000e}{section.5.2}% 58
\BOOKMARK [2][-]{subsection.5.2.2}{\376\377\000P\000r\000o\000d\000u\000c\000t\000\040\000F\000u\000n\000c\000t\000i\000o\000n\000s}{section.5.2}% 59
\BOOKMARK [2][-]{subsection.5.2.3}{\376\377\000U\000s\000e\000r\000\040\000C\000l\000a\000s\000s\000e\000s\000\040\000a\000n\000d\000\040\000C\000h\000a\000r\000a\000c\000t\000e\000r\000i\000s\000t\000i\000c\000s}{section.5.2}% 60
\BOOKMARK [2][-]{subsection.5.2.4}{\376\377\000T\000e\000c\000h\000n\000o\000l\000o\000g\000i\000c\000a\000l\000\040\000S\000t\000a\000c\000k}{section.5.2}% 61
\BOOKMARK [2][-]{subsection.5.2.5}{\376\377\000O\000p\000e\000r\000a\000t\000i\000n\000g\000\040\000E\000n\000v\000i\000r\000o\000n\000m\000e\000n\000t}{section.5.2}% 62
\BOOKMARK [2][-]{subsection.5.2.6}{\376\377\000G\000e\000n\000e\000r\000a\000l\000\040\000C\000o\000n\000s\000t\000r\000a\000i\000n\000t\000s}{section.5.2}% 63
\BOOKMARK [2][-]{subsection.5.2.7}{\376\377\000D\000e\000s\000i\000g\000n\000\040\000\046\000\040\000I\000m\000p\000l\000e\000m\000e\000n\000t\000a\000t\000i\000o\000n\000\040\000C\000o\000n\000s\000t\000r\000a\000i\000n\000t\000s}{section.5.2}% 64
\BOOKMARK [2][-]{subsection.5.2.8}{\376\377\000A\000s\000s\000u\000m\000p\000t\000i\000o\000n\000s\000\040\000a\000n\000d\000\040\000D\000e\000p\000e\000n\000d\000e\000n\000c\000i\000e\000s}{section.5.2}% 65
\BOOKMARK [1][-]{section.5.3}{\376\377\000E\000x\000t\000e\000r\000n\000a\000l\000\040\000I\000n\000t\000e\000r\000f\000a\000c\000e\000\040\000R\000e\000q\000u\000i\000r\000e\000m\000e\000n\000t\000s}{chapter.5}% 66
\BOOKMARK [2][-]{subsection.5.3.1}{\376\377\000U\000s\000e\000r\000\040\000I\000n\000t\000e\000r\000f\000a\000c\000e\000s}{section.5.3}% 67
\BOOKMARK [2][-]{subsection.5.3.2}{\376\377\000H\000a\000r\000d\000w\000a\000r\000e\000\040\000I\000n\000t\000e\000r\000f\000a\000c\000e\000s}{section.5.3}% 68
\BOOKMARK [2][-]{subsection.5.3.3}{\376\377\000S\000o\000f\000t\000w\000a\000r\000e\000\040\000I\000n\000t\000e\000r\000f\000a\000c\000e\000s}{section.5.3}% 69
\BOOKMARK [2][-]{subsection.5.3.4}{\376\377\000C\000o\000m\000m\000u\000n\000i\000c\000a\000t\000i\000o\000n\000\040\000I\000n\000t\000e\000r\000f\000a\000c\000e}{section.5.3}% 70
\BOOKMARK [1][-]{section.5.4}{\376\377\000H\000a\000r\000d\000w\000a\000r\000e\000\040\000\046\000\040\000S\000o\000f\000t\000w\000a\000r\000e\000\040\000R\000e\000q\000u\000i\000r\000e\000m\000e\000n\000t\000s}{chapter.5}% 71
\BOOKMARK [2][-]{subsection.5.4.1}{\376\377\000H\000a\000r\000d\000w\000a\000r\000e\000\040\000R\000e\000q\000u\000i\000r\000e\000m\000e\000n\000t\000s}{section.5.4}% 72
\BOOKMARK [2][-]{subsection.5.4.2}{\376\377\000S\000o\000f\000t\000w\000a\000r\000e\000\040\000R\000e\000q\000u\000i\000r\000e\000m\000e\000n\000t\000s}{section.5.4}% 73
\BOOKMARK [1][-]{section.5.5}{\376\377\000F\000u\000n\000c\000t\000i\000o\000n\000a\000l\000\040\000R\000e\000q\000u\000i\000r\000e\000m\000e\000n\000t\000s}{chapter.5}% 74
\BOOKMARK [1][-]{section.5.6}{\376\377\000N\000o\000n\000-\000F\000u\000n\000c\000t\000i\000o\000n\000a\000l\000\040\000R\000e\000q\000u\000i\000r\000e\000m\000e\000n\000t\000s}{chapter.5}% 75
\BOOKMARK [2][-]{subsection.5.6.1}{\376\377\000P\000e\000r\000f\000o\000r\000m\000a\000n\000c\000e\000\040\000R\000e\000q\000u\000i\000r\000e\000m\000e\000n\000t\000s}{section.5.6}% 76
\BOOKMARK [2][-]{subsection.5.6.2}{\376\377\000S\000e\000c\000u\000r\000i\000t\000y\000\040\000R\000e\000q\000u\000i\000r\000e\000m\000e\000n\000t\000s}{section.5.6}% 77
\BOOKMARK [2][-]{subsection.5.6.3}{\376\377\000S\000a\000f\000e\000t\000y\000\040\000R\000e\000q\000u\000i\000r\000e\000m\000e\000n\000t\000s}{section.5.6}% 78
\BOOKMARK [2][-]{subsection.5.6.4}{\376\377\000S\000o\000f\000t\000w\000a\000r\000e\000\040\000Q\000u\000a\000l\000i\000t\000y\000\040\000R\000e\000q\000u\000i\000r\000e\000m\000e\000n\000t\000s}{section.5.6}% 79
\BOOKMARK [0][-]{chapter.6}{\376\377\000S\000y\000s\000t\000e\000m\000\040\000D\000e\000s\000i\000g\000n}{}% 80
\BOOKMARK [1][-]{section.6.1}{\376\377\000S\000y\000s\000t\000e\000m\000\040\000A\000r\000c\000h\000i\000t\000e\000c\000t\000u\000r\000e}{chapter.6}% 81
\BOOKMARK [2][-]{subsection.6.1.1}{\376\377\000A\000r\000c\000h\000i\000t\000e\000c\000t\000u\000r\000a\000l\000\040\000D\000e\000s\000i\000g\000n\000\040\000P\000r\000i\000n\000c\000i\000p\000l\000e\000s}{section.6.1}% 82
\BOOKMARK [1][-]{section.6.2}{\376\377\000U\000s\000e\000\040\000C\000a\000s\000e\000\040\000D\000i\000a\000g\000r\000a\000m}{chapter.6}% 83
\BOOKMARK [1][-]{section.6.3}{\376\377\000D\000a\000t\000a\000\040\000F\000l\000o\000w\000\040\000D\000i\000a\000g\000r\000a\000m\000s}{chapter.6}% 84
\BOOKMARK [2][-]{subsection.6.3.1}{\376\377\000L\000e\000v\000e\000l\000\040\0000\000\040\000D\000F\000D\000\040\000\050\000C\000o\000n\000t\000e\000x\000t\000\040\000D\000i\000a\000g\000r\000a\000m\000\051}{section.6.3}% 85
\BOOKMARK [2][-]{subsection.6.3.2}{\376\377\000L\000e\000v\000e\000l\000\040\0001\000\040\000D\000F\000D}{section.6.3}% 86
\BOOKMARK [1][-]{section.6.4}{\376\377\000D\000a\000t\000a\000b\000a\000s\000e\000\040\000D\000e\000s\000i\000g\000n}{chapter.6}% 87
\BOOKMARK [2][-]{subsection.6.4.1}{\376\377\000E\000n\000t\000i\000t\000y\000-\000R\000e\000l\000a\000t\000i\000o\000n\000s\000h\000i\000p\000\040\000D\000i\000a\000g\000r\000a\000m}{section.6.4}% 88
\BOOKMARK [2][-]{subsection.6.4.2}{\376\377\000D\000a\000t\000a\000b\000a\000s\000e\000\040\000S\000c\000h\000e\000m\000a}{section.6.4}% 89
\BOOKMARK [1][-]{section.6.5}{\376\377\000M\000o\000d\000u\000l\000e\000\040\000D\000e\000s\000c\000r\000i\000p\000t\000i\000o\000n}{chapter.6}% 90
\BOOKMARK [2][-]{subsection.6.5.1}{\376\377\000M\000o\000d\000u\000l\000e\000\040\0001\000:\000\040\000C\000a\000m\000e\000r\000a\000\040\000S\000t\000r\000e\000a\000m\000i\000n\000g\000\040\000M\000o\000d\000u\000l\000e\000\040\000\050\000i\000O\000S\000\051}{section.6.5}% 91
\BOOKMARK [2][-]{subsection.6.5.2}{\376\377\000M\000o\000d\000u\000l\000e\000\040\0002\000:\000\040\000E\000d\000g\000e\000\040\000I\000n\000f\000e\000r\000e\000n\000c\000e\000\040\000M\000o\000d\000u\000l\000e\000\040\000\050\000R\000a\000s\000p\000b\000e\000r\000r\000y\000\040\000P\000i\000\051}{section.6.5}% 92
\BOOKMARK [2][-]{subsection.6.5.3}{\376\377\000M\000o\000d\000u\000l\000e\000\040\0003\000:\000\040\000O\000C\000R\000\040\000a\000n\000d\000\040\000V\000a\000l\000i\000d\000a\000t\000i\000o\000n\000\040\000M\000o\000d\000u\000l\000e}{section.6.5}% 93
\BOOKMARK [2][-]{subsection.6.5.4}{\376\377\000M\000o\000d\000u\000l\000e\000\040\0004\000:\000\040\000D\000a\000t\000a\000b\000a\000s\000e\000\040\000a\000n\000d\000\040\000V\000e\000r\000i\000f\000i\000c\000a\000t\000i\000o\000n\000\040\000M\000o\000d\000u\000l\000e}{section.6.5}% 94
\BOOKMARK [0][-]{chapter.7}{\376\377\000I\000m\000p\000l\000e\000m\000e\000n\000t\000a\000t\000i\000o\000n}{}% 95
\BOOKMARK [1][-]{section.7.1}{\376\377\000M\000o\000d\000e\000l\000\040\000Q\000u\000a\000n\000t\000i\000z\000a\000t\000i\000o\000n\000\040\000P\000i\000p\000e\000l\000i\000n\000e}{chapter.7}% 96
\BOOKMARK [2][-]{subsection.7.1.1}{\376\377\000S\000t\000e\000p\000\040\0001\000:\000\040\000O\000N\000N\000X\000\040\000M\000o\000d\000e\000l\000\040\000E\000x\000p\000o\000r\000t}{section.7.1}% 97
\BOOKMARK [2][-]{subsection.7.1.2}{\376\377\000S\000t\000e\000p\000\040\0002\000:\000\040\000C\000a\000l\000i\000b\000r\000a\000t\000i\000o\000n\000\040\000D\000a\000t\000a\000\040\000P\000r\000e\000p\000a\000r\000a\000t\000i\000o\000n}{section.7.1}% 98
\BOOKMARK [2][-]{subsection.7.1.3}{\376\377\000S\000t\000e\000p\000\040\0003\000:\000\040\000S\000t\000a\000t\000i\000c\000\040\000I\000N\000T\0008\000\040\000Q\000u\000a\000n\000t\000i\000z\000a\000t\000i\000o\000n}{section.7.1}% 99
\BOOKMARK [2][-]{subsection.7.1.4}{\376\377\000S\000t\000e\000p\000\040\0004\000:\000\040\000O\000N\000N\000X\000\040\000G\000r\000a\000p\000h\000\040\000P\000a\000t\000c\000h\000i\000n\000g\000\040\000\050\000I\000N\000T\0008\000\040\000t\000o\000\040\000U\000I\000N\000T\0008\000\051}{section.7.1}% 100
\BOOKMARK [2][-]{subsection.7.1.5}{\376\377\000Q\000u\000a\000n\000t\000i\000z\000a\000t\000i\000o\000n\000\040\000I\000m\000p\000a\000c\000t\000\040\000A\000n\000a\000l\000y\000s\000i\000s}{section.7.1}% 101
\BOOKMARK [1][-]{section.7.2}{\376\377\000W\000e\000b\000S\000o\000c\000k\000e\000t\000\040\000S\000e\000r\000v\000e\000r\000\040\000I\000m\000p\000l\000e\000m\000e\000n\000t\000a\000t\000i\000o\000n}{chapter.7}% 102
\BOOKMARK [2][-]{subsection.7.2.1}{\376\377\000S\000e\000r\000v\000e\000r\000\040\000A\000r\000c\000h\000i\000t\000e\000c\000t\000u\000r\000e}{section.7.2}% 103
\BOOKMARK [1][-]{section.7.3}{\376\377\000i\000O\000S\000\040\000C\000l\000i\000e\000n\000t\000\040\000I\000m\000p\000l\000e\000m\000e\000n\000t\000a\000t\000i\000o\000n}{chapter.7}% 104
\BOOKMARK [2][-]{subsection.7.3.1}{\376\377\000C\000a\000m\000e\000r\000a\000\040\000C\000a\000p\000t\000u\000r\000e\000\040\000P\000i\000p\000e\000l\000i\000n\000e}{section.7.3}% 105
\BOOKMARK [2][-]{subsection.7.3.2}{\376\377\000D\000e\000t\000e\000c\000t\000i\000o\000n\000\040\000O\000v\000e\000r\000l\000a\000y\000\040\000R\000e\000n\000d\000e\000r\000i\000n\000g}{section.7.3}% 106
\BOOKMARK [1][-]{section.7.4}{\376\377\000I\000m\000p\000l\000e\000m\000e\000n\000t\000a\000t\000i\000o\000n\000\040\040\023\000\040\000M\000o\000d\000e\000l\000s\000\040\000U\000s\000e\000d}{chapter.7}% 107
\BOOKMARK [1][-]{section.7.5}{\376\377\000D\000e\000v\000e\000l\000o\000p\000m\000e\000n\000t\000\040\000T\000o\000o\000l\000s}{chapter.7}% 108
\BOOKMARK [0][-]{chapter.8}{\376\377\000T\000e\000s\000t\000i\000n\000g}{}% 109
\BOOKMARK [1][-]{section.8.1}{\376\377\000T\000e\000s\000t\000i\000n\000g\000\040\000M\000e\000t\000h\000o\000d\000o\000l\000o\000g\000y}{chapter.8}% 110
\BOOKMARK [1][-]{section.8.2}{\376\377\000U\000n\000i\000t\000\040\000T\000e\000s\000t\000i\000n\000g}{chapter.8}% 111
\BOOKMARK [1][-]{section.8.3}{\376\377\000I\000n\000t\000e\000g\000r\000a\000t\000i\000o\000n\000\040\000T\000e\000s\000t\000i\000n\000g}{chapter.8}% 112
\BOOKMARK [1][-]{section.8.4}{\376\377\000S\000y\000s\000t\000e\000m\000\040\000T\000e\000s\000t\000i\000n\000g}{chapter.8}% 113
\BOOKMARK [1][-]{section.8.5}{\376\377\000P\000e\000r\000f\000o\000r\000m\000a\000n\000c\000e\000\040\000T\000e\000s\000t\000i\000n\000g}{chapter.8}% 114
\BOOKMARK [1][-]{section.8.6}{\376\377\000T\000e\000s\000t\000i\000n\000g\000\040\000C\000o\000n\000c\000l\000u\000s\000i\000o\000n}{chapter.8}% 115
\BOOKMARK [0][-]{chapter.9}{\376\377\000R\000e\000s\000u\000l\000t\000s\000\040\000\046\000\040\000A\000n\000a\000l\000y\000s\000i\000s}{}% 116
\BOOKMARK [1][-]{section.9.1}{\376\377\000Q\000u\000a\000n\000t\000i\000z\000a\000t\000i\000o\000n\000\040\000R\000e\000s\000u\000l\000t\000s}{chapter.9}% 117
\BOOKMARK [1][-]{section.9.2}{\376\377\000D\000e\000t\000e\000c\000t\000i\000o\000n\000\040\000A\000c\000c\000u\000r\000a\000c\000y\000\040\000A\000n\000a\000l\000y\000s\000i\000s}{chapter.9}% 118
\BOOKMARK [1][-]{section.9.3}{\376\377\000I\000n\000f\000e\000r\000e\000n\000c\000e\000\040\000P\000e\000r\000f\000o\000r\000m\000a\000n\000c\000e\000\040\000A\000n\000a\000l\000y\000s\000i\000s}{chapter.9}% 119
\BOOKMARK [1][-]{section.9.4}{\376\377\000E\000n\000d\000-\000t\000o\000-\000E\000n\000d\000\040\000P\000i\000p\000e\000l\000i\000n\000e\000\040\000P\000e\000r\000f\000o\000r\000m\000a\000n\000c\000e}{chapter.9}% 120
\BOOKMARK [1][-]{section.9.5}{\376\377\000O\000C\000R\000\040\000A\000c\000c\000u\000r\000a\000c\000y\000\040\000A\000n\000a\000l\000y\000s\000i\000s}{chapter.9}% 121
\BOOKMARK [1][-]{section.9.6}{\376\377\000K\000e\000y\000\040\000O\000b\000s\000e\000r\000v\000a\000t\000i\000o\000n\000s}{chapter.9}% 122
\BOOKMARK [0][-]{chapter.10}{\376\377\000C\000o\000n\000c\000l\000u\000s\000i\000o\000n}{}% 123
\BOOKMARK [1][-]{section.10.1}{\376\377\000S\000u\000m\000m\000a\000r\000y\000\040\000o\000f\000\040\000A\000c\000h\000i\000e\000v\000e\000m\000e\000n\000t\000s}{chapter.10}% 124
\BOOKMARK [1][-]{section.10.2}{\376\377\000T\000e\000c\000h\000n\000i\000c\000a\000l\000\040\000C\000o\000n\000t\000r\000i\000b\000u\000t\000i\000o\000n\000s}{chapter.10}% 125
\BOOKMARK [1][-]{section.10.3}{\376\377\000L\000i\000m\000i\000t\000a\000t\000i\000o\000n\000s}{chapter.10}% 126
\BOOKMARK [0][-]{chapter.11}{\376\377\000F\000u\000t\000u\000r\000e\000\040\000S\000c\000o\000p\000e}{}% 127
\BOOKMARK [0][-]{chapter*.31}{\376\377\000B\000i\000b\000l\000i\000o\000g\000r\000a\000p\000h\000y}{}% 128
\BOOKMARK [0][-]{chapter*.31}{\376\377\000A\000p\000p\000e\000n\000d\000i\000x\000\040\000A\000:\000\040\000G\000l\000o\000s\000s\000a\000r\000y}{}% 129
\BOOKMARK [0][-]{chapter*.31}{\376\377\000A\000p\000p\000e\000n\000d\000i\000x\000\040\000B\000:\000\040\000A\000c\000r\000o\000n\000y\000m\000s}{}% 130
\BOOKMARK [0][-]{chapter*.31}{\376\377\000A\000p\000p\000e\000n\000d\000i\000x\000\040\000C\000:\000\040\000S\000y\000s\000t\000e\000m\000\040\000F\000u\000n\000c\000t\000i\000o\000n\000s\000\040\000a\000n\000d\000\040\000L\000i\000b\000r\000a\000r\000i\000e\000s\000\040\000R\000e\000f\000e\000r\000e\000n\000c\000e}{}% 131
\BOOKMARK [1][-]{section.11.1}{\376\377\000S\000y\000s\000t\000e\000m\000\040\000D\000e\000p\000e\000n\000d\000e\000n\000c\000i\000e\000s\000\040\000a\000n\000d\000\040\000L\000i\000b\000r\000a\000r\000i\000e\000s}{chapter*.31}% 132
\BOOKMARK [2][-]{subsection.11.1.1}{\376\377\000P\000y\000t\000h\000o\000n\000\040\000E\000c\000o\000s\000y\000s\000t\000e\000m\000\040\000\050\000S\000e\000r\000v\000e\000r\000-\000S\000i\000d\000e\000\051}{section.11.1}% 133
\BOOKMARK [2][-]{subsection.11.1.2}{\376\377\000S\000w\000i\000f\000t\000\040\000E\000c\000o\000s\000y\000s\000t\000e\000m\000\040\000\050\000i\000O\000S\000\040\000C\000l\000i\000e\000n\000t\000-\000S\000i\000d\000e\000\051}{section.11.1}% 134
\BOOKMARK [1][-]{section.11.2}{\376\377\000C\000o\000r\000e\000\040\000E\000d\000g\000e\000\040\000S\000e\000r\000v\000e\000r\000\040\000F\000u\000n\000c\000t\000i\000o\000n\000s\000\040\000\050\000p\000i\000\137\000s\000e\000r\000v\000e\000r\000.\000p\000y\000\051}{chapter*.31}% 135
\BOOKMARK [2][-]{subsection.11.2.1}{\376\377\000d\000e\000c\000o\000d\000e\000\137\000i\000m\000a\000g\000e\000\050\000m\000e\000s\000s\000a\000g\000e\000\051}{section.11.2}% 136
\BOOKMARK [2][-]{subsection.11.2.2}{\376\377\000v\000a\000l\000i\000d\000a\000t\000e\000\137\000p\000l\000a\000t\000e\000\050\000t\000e\000x\000t\000\051}{section.11.2}% 137
\BOOKMARK [2][-]{subsection.11.2.3}{\376\377\000h\000a\000n\000d\000l\000e\000\137\000c\000o\000n\000n\000e\000c\000t\000i\000o\000n\000\050\000w\000e\000b\000s\000o\000c\000k\000e\000t\000\051}{section.11.2}% 138
\BOOKMARK [2][-]{subsection.11.2.4}{\376\377\000s\000a\000v\000e\000\137\000d\000e\000b\000u\000g\000\137\000i\000m\000a\000g\000e\000\050\000i\000m\000a\000g\000e\000,\000\040\000r\000e\000s\000u\000l\000t\000s\000\051}{section.11.2}% 139
\BOOKMARK [2][-]{subsection.11.2.5}{\376\377\000m\000a\000i\000n\000\050\000m\000o\000d\000e\000l\000\137\000p\000a\000t\000h\000,\000\040\000p\000o\000r\000t\000\051}{section.11.2}% 140
\BOOKMARK [1][-]{section.11.3}{\376\377\000Q\000u\000a\000n\000t\000i\000z\000a\000t\000i\000o\000n\000\040\000G\000r\000a\000p\000h\000\040\000P\000a\000t\000c\000h\000e\000r\000\040\000\050\000f\000i\000x\000\137\000q\000u\000a\000n\000t\000i\000z\000a\000t\000i\000o\000n\000.\000p\000y\000\051}{chapter*.31}% 141
\BOOKMARK [2][-]{subsection.11.3.1}{\376\377\000f\000i\000x\000\137\000c\000o\000n\000v\000\137\000i\000n\000t\000e\000g\000e\000r\000\137\000f\000o\000r\000\137\000a\000r\000m\000\050\000m\000o\000d\000e\000l\000\137\000p\000a\000t\000h\000,\000\040\000o\000u\000t\000p\000u\000t\000\137\000p\000a\000t\000h\000\051}{section.11.3}% 142
\BOOKMARK [2][-]{subsection.11.3.2}{\376\377\000C\000a\000m\000e\000r\000a\000M\000a\000n\000a\000g\000e\000r\000\040\000A\000r\000c\000h\000i\000t\000e\000c\000t\000u\000r\000e}{section.11.3}% 143
\BOOKMARK [2][-]{subsection.11.3.3}{\376\377\000W\000e\000b\000S\000o\000c\000k\000e\000t\000M\000a\000n\000a\000g\000e\000r\000\040\000A\000r\000c\000h\000i\000t\000e\000c\000t\000u\000r\000e}{section.11.3}% 144
